[2025-03-17 14:23:29,941][__main__][INFO] - [rank: 0] Instantiating Image Diffusion model <src.guidance.stable_diffusion.StableDiffusionGuidance>
[2025-03-17 14:23:35,904][__main__][INFO] - [rank: 0] Instantiating Audio Diffusion guidance model <src.guidance.auffusion.AuffusionGuidance>
[2025-03-17 14:23:40,419][py.warnings][WARNING] - /usr/local/lib/python3.11/dist-packages/torch/nn/utils/weight_norm.py:143: FutureWarning: `torch.nn.utils.weight_norm` is deprecated in favor of `torch.nn.utils.parametrizations.weight_norm`.
  WeightNorm.apply(module, name, dim)

[2025-03-17 14:23:41,307][__main__][INFO] - [rank: 0] Instantiating joint diffusion scheduler <diffusers.DDIMScheduler.from_pretrained>
[2025-03-17 14:23:41,412][__main__][INFO] - [rank: 0] Instantiating latent transformation <src.transformation.identity.NaiveIdentity>
[2025-03-17 14:23:41,413][__main__][INFO] - [rank: 0] Instantiating audio evaluator <src.evaluator.clap.CLAPEvaluator>
[2025-03-17 14:23:42,706][__main__][INFO] - [rank: 0] Instantiating visual evaluator <src.evaluator.clip.CLIPEvaluator>
[2025-03-17 14:23:43,841][__main__][INFO] - [rank: 0] Starting sampling!
[2025-03-17 14:24:03,327][__main__][INFO] - [rank: 0] Finished!
[2025-03-17 14:25:34,533][__main__][INFO] - [rank: 0] Instantiating Image Diffusion model <src.guidance.stable_diffusion.StableDiffusionGuidance>
[2025-03-17 14:25:40,342][__main__][INFO] - [rank: 0] Instantiating Audio Diffusion guidance model <src.guidance.auffusion.AuffusionGuidance>
[2025-03-17 14:25:44,292][py.warnings][WARNING] - /usr/local/lib/python3.11/dist-packages/torch/nn/utils/weight_norm.py:143: FutureWarning: `torch.nn.utils.weight_norm` is deprecated in favor of `torch.nn.utils.parametrizations.weight_norm`.
  WeightNorm.apply(module, name, dim)

[2025-03-17 14:25:45,195][__main__][INFO] - [rank: 0] Instantiating joint diffusion scheduler <diffusers.DDIMScheduler.from_pretrained>
[2025-03-17 14:25:45,300][__main__][INFO] - [rank: 0] Instantiating latent transformation <src.transformation.identity.NaiveIdentity>
[2025-03-17 14:25:45,302][__main__][INFO] - [rank: 0] Instantiating audio evaluator <src.evaluator.clap.CLAPEvaluator>
[2025-03-17 14:25:46,612][__main__][INFO] - [rank: 0] Instantiating visual evaluator <src.evaluator.clip.CLIPEvaluator>
[2025-03-17 14:25:47,982][__main__][INFO] - [rank: 0] Starting sampling!
[2025-03-17 14:26:07,173][__main__][INFO] - [rank: 0] Finished!
