[2025-03-17 15:54:12,785][__main__][INFO] - [rank: 0] Instantiating Image Diffusion model <src.guidance.stable_diffusion.StableDiffusionGuidance>
[2025-03-17 15:54:18,592][__main__][INFO] - [rank: 0] Instantiating Audio Diffusion guidance model <src.guidance.auffusion.AuffusionGuidance>
[2025-03-17 15:54:22,326][py.warnings][WARNING] - /usr/local/lib/python3.11/dist-packages/torch/nn/utils/weight_norm.py:143: FutureWarning: `torch.nn.utils.weight_norm` is deprecated in favor of `torch.nn.utils.parametrizations.weight_norm`.
  WeightNorm.apply(module, name, dim)

[2025-03-17 15:54:23,220][__main__][INFO] - [rank: 0] Instantiating joint diffusion scheduler <diffusers.DDIMScheduler.from_pretrained>
[2025-03-17 15:54:23,319][__main__][INFO] - [rank: 0] Instantiating latent transformation <src.transformation.identity.NaiveIdentity>
[2025-03-17 15:54:23,321][__main__][INFO] - [rank: 0] Instantiating audio evaluator <src.evaluator.clap.CLAPEvaluator>
[2025-03-17 15:54:24,703][__main__][INFO] - [rank: 0] Instantiating visual evaluator <src.evaluator.clip.CLIPEvaluator>
[2025-03-17 15:54:25,740][__main__][INFO] - [rank: 0] Starting sampling!
[2025-03-17 15:55:04,055][__main__][INFO] - [rank: 0] Finished!
[2025-03-17 15:56:51,386][__main__][INFO] - [rank: 0] Instantiating Image Diffusion model <src.guidance.stable_diffusion.StableDiffusionGuidance>
[2025-03-17 15:56:57,206][__main__][INFO] - [rank: 0] Instantiating Audio Diffusion guidance model <src.guidance.auffusion.AuffusionGuidance>
[2025-03-17 15:57:01,011][py.warnings][WARNING] - /usr/local/lib/python3.11/dist-packages/torch/nn/utils/weight_norm.py:143: FutureWarning: `torch.nn.utils.weight_norm` is deprecated in favor of `torch.nn.utils.parametrizations.weight_norm`.
  WeightNorm.apply(module, name, dim)

[2025-03-17 15:57:01,919][__main__][INFO] - [rank: 0] Instantiating joint diffusion scheduler <diffusers.DDIMScheduler.from_pretrained>
[2025-03-17 15:57:02,020][__main__][INFO] - [rank: 0] Instantiating latent transformation <src.transformation.identity.NaiveIdentity>
[2025-03-17 15:57:02,021][__main__][INFO] - [rank: 0] Instantiating audio evaluator <src.evaluator.clap.CLAPEvaluator>
[2025-03-17 15:57:03,289][__main__][INFO] - [rank: 0] Instantiating visual evaluator <src.evaluator.clip.CLIPEvaluator>
[2025-03-17 15:57:04,326][__main__][INFO] - [rank: 0] Starting sampling!
[2025-03-17 15:57:41,885][__main__][INFO] - [rank: 0] Finished!
[2025-03-17 16:02:33,662][__main__][INFO] - [rank: 0] Instantiating Image Diffusion model <src.guidance.stable_diffusion.StableDiffusionGuidance>
[2025-03-17 16:02:39,523][__main__][INFO] - [rank: 0] Instantiating Audio Diffusion guidance model <src.guidance.auffusion.AuffusionGuidance>
[2025-03-17 16:02:43,786][py.warnings][WARNING] - /usr/local/lib/python3.11/dist-packages/torch/nn/utils/weight_norm.py:143: FutureWarning: `torch.nn.utils.weight_norm` is deprecated in favor of `torch.nn.utils.parametrizations.weight_norm`.
  WeightNorm.apply(module, name, dim)

[2025-03-17 16:02:44,681][__main__][INFO] - [rank: 0] Instantiating joint diffusion scheduler <diffusers.DDIMScheduler.from_pretrained>
[2025-03-17 16:02:44,778][__main__][INFO] - [rank: 0] Instantiating latent transformation <src.transformation.identity.NaiveIdentity>
[2025-03-17 16:02:44,780][__main__][INFO] - [rank: 0] Instantiating audio evaluator <src.evaluator.clap.CLAPEvaluator>
[2025-03-17 16:02:46,113][__main__][INFO] - [rank: 0] Instantiating visual evaluator <src.evaluator.clip.CLIPEvaluator>
[2025-03-17 16:02:47,186][__main__][INFO] - [rank: 0] Starting sampling!
[2025-03-17 16:03:24,980][__main__][INFO] - [rank: 0] Finished!
